===== ANALYST laguna 2026-09-03 17:24:39 UTC =====
[91m[1mError: [0m{
  "name": "UnknownError",
  "data": {
    "message": "Unexpected server error. Check server logs for details.",
    "ref": "err_6767bb30"
  }
}
===== ANALYST laguna 2026-09-03 20:08:18 UTC =====
[91m[1mError: [0m{
  "name": "UnknownError",
  "data": {
    "message": "Unexpected server error. Check server logs for details.",
    "ref": "err_620b72ea"
  }
}
===== ANALYST laguna 2026-09-03 22:51:06 UTC =====
[91m[1mError: [0m{
  "name": "UnknownError",
  "data": {
    "message": "Unexpected server error. Check server logs for details.",
    "ref": "err_51810f24"
  }
}
===== ANALYST laguna 2026-09-04 00:48:41 UTC =====
[91m[1mError: [0m{
  "name": "UnknownError",
  "data": {
    "message": "Unexpected server error. Check server logs for details.",
    "ref": "err_a19de9af"
  }
}
===== ANALYST laguna 2026-09-04 05:13:58 UTC =====
[91m[1mError: [0m{
  "name": "UnknownError",
  "data": {
    "message": "Unexpected server error. Check server logs for details.",
    "ref": "err_dd63b63c"
  }
}
===== ANALYST laguna 2026-09-04 09:50:28 UTC =====
[91m[1mError: [0m{
  "name": "UnknownError",
  "data": {
    "message": "Unexpected server error. Check server logs for details.",
    "ref": "err_27e47622"
  }
}
===== ANALYST laguna 2026-09-04 14:26:01 UTC =====
[91m[1mError: [0m{
  "name": "UnknownError",
  "data": {
    "message": "Unexpected server error. Check server logs for details.",
    "ref": "err_b335bb22"
  }
}
===== ANALYST laguna 2026-09-04 18:02:21 UTC =====
[91m[1mError: [0m{
  "name": "UnknownError",
  "data": {
    "message": "Unexpected server error. Check server logs for details.",
    "ref": "err_09519caf"
  }
}
===== ANALYST laguna 2026-09-04 20:04:44 UTC =====
[91m[1mError: [0m{
  "name": "UnknownError",
  "data": {
    "message": "Unexpected server error. Check server logs for details.",
    "ref": "err_d4939bc9"
  }
}
===== ANALYST laguna 2026-09-04 22:19:14 UTC =====
[91m[1mError: [0m{
  "name": "UnknownError",
  "data": {
    "message": "Unexpected server error. Check server logs for details.",
    "ref": "err_9300efef"
  }
}
===== ANALYST laguna 2026-09-05 00:16:35 UTC =====
[91m[1mError: [0m{
  "name": "UnknownError",
  "data": {
    "message": "Unexpected server error. Check server logs for details.",
    "ref": "err_8df6994f"
  }
}
===== ANALYST laguna 2026-09-05 04:46:32 UTC =====
[91m[1mError: [0m{
  "name": "UnknownError",
  "data": {
    "message": "Unexpected server error. Check server logs for details.",
    "ref": "err_63388eab"
  }
}
===== ANALYST laguna 2026-09-05 08:43:46 UTC =====
[91m[1mError: [0m{
  "name": "UnknownError",
  "data": {
    "message": "Unexpected server error. Check server logs for details.",
    "ref": "err_60f308f0"
  }
}
===== ANALYST laguna 2026-09-05 12:12:10 UTC =====
[91m[1mError: [0m{
  "name": "UnknownError",
  "data": {
    "message": "Unexpected server error. Check server logs for details.",
    "ref": "err_502bf50a"
  }
}
===== ANALYST laguna 2026-09-05 15:34:45 UTC =====
[91m[1mError: [0m{
  "name": "UnknownError",
  "data": {
    "message": "Unexpected server error. Check server logs for details.",
    "ref": "err_3a60dbfc"
  }
}
===== ANALYST laguna 2026-09-05 17:45:43 UTC =====
[91m[1mError: [0m{
  "name": "UnknownError",
  "data": {
    "message": "Unexpected server error. Check server logs for details.",
    "ref": "err_ca431ac5"
  }
}
===== ANALYST laguna 2026-09-05 19:37:04 UTC =====
[91m[1mError: [0m{
  "name": "UnknownError",
  "data": {
    "message": "Unexpected server error. Check server logs for details.",
    "ref": "err_208dc5fb"
  }
}
===== ANALYST laguna 2026-09-05 21:47:51 UTC =====
[91m[1mError: [0m{
  "name": "UnknownError",
  "data": {
    "message": "Unexpected server error. Check server logs for details.",
    "ref": "err_b238224f"
  }
}
===== ANALYST laguna 2026-09-05 23:48:13 UTC =====
[91m[1mError: [0m{
  "name": "UnknownError",
  "data": {
    "message": "Unexpected server error. Check server logs for details.",
    "ref": "err_67a9c47f"
  }
}
===== ANALYST laguna 2026-09-06 04:10:59 UTC =====
[91m[1mError: [0m{
  "name": "UnknownError",
  "data": {
    "message": "Unexpected server error. Check server logs for details.",
    "ref": "err_9a7374ab"
  }
}
===== ANALYST laguna 2026-09-06 08:50:52 UTC =====
[91m[1mError: [0m{
  "name": "UnknownError",
  "data": {
    "message": "Unexpected server error. Check server logs for details.",
    "ref": "err_bb9e2660"
  }
}
===== ANALYST laguna 2026-09-06 12:54:16 UTC =====
[91m[1mError: [0m{
  "name": "UnknownError",
  "data": {
    "message": "Unexpected server error. Check server logs for details.",
    "ref": "err_b2eb13db"
  }
}
===== ANALYST laguna 2026-09-06 16:13:38 UTC =====
[91m[1mError: [0m{
  "name": "UnknownError",
  "data": {
    "message": "Unexpected server error. Check server logs for details.",
    "ref": "err_2b5cf7ad"
  }
}
===== ANALYST laguna 2026-09-06 18:35:44 UTC =====
[91m[1mError: [0m{
  "name": "UnknownError",
  "data": {
    "message": "Unexpected server error. Check server logs for details.",
    "ref": "err_8535541a"
  }
}
===== ANALYST laguna 2026-09-06 20:52:21 UTC =====
[91m[1mError: [0m{
  "name": "UnknownError",
  "data": {
    "message": "Unexpected server error. Check server logs for details.",
    "ref": "err_00166910"
  }
}
===== ANALYST laguna 2026-09-06 22:51:58 UTC =====
[91m[1mError: [0m{
  "name": "UnknownError",
  "data": {
    "message": "Unexpected server error. Check server logs for details.",
    "ref": "err_4f0332a0"
  }
}
===== ANALYST laguna 2026-09-07 00:51:48 UTC =====
[91m[1mError: [0m{
  "name": "UnknownError",
  "data": {
    "message": "Unexpected server error. Check server logs for details.",
    "ref": "err_1bdff905"
  }
}
===== ANALYST laguna 2026-09-07 05:56:26 UTC =====
[91m[1mError: [0m{
  "name": "UnknownError",
  "data": {
    "message": "Unexpected server error. Check server logs for details.",
    "ref": "err_f5261fd7"
  }
}
===== ANALYST laguna 2026-09-07 12:27:56 UTC =====
[91m[1mError: [0m{
  "name": "UnknownError",
  "data": {
    "message": "Unexpected server error. Check server logs for details.",
    "ref": "err_5fc0b67e"
  }
}
===== ANALYST laguna 2026-09-07 17:54:23 UTC =====
[91m[1mError: [0m{
  "name": "UnknownError",
  "data": {
    "message": "Unexpected server error. Check server logs for details.",
    "ref": "err_9369cea3"
  }
}
===== ANALYST laguna 2026-09-07 21:27:49 UTC =====
[91m[1mError: [0m{
  "name": "UnknownError",
  "data": {
    "message": "Unexpected server error. Check server logs for details.",
    "ref": "err_d04f8a6c"
  }
}
===== ANALYST laguna 2026-09-07 23:49:37 UTC =====
[91m[1mError: [0m{
  "name": "UnknownError",
  "data": {
    "message": "Unexpected server error. Check server logs for details.",
    "ref": "err_cb74602e"
  }
}
===== ANALYST laguna 2026-09-08 04:11:28 UTC =====
[91m[1mError: [0m{
  "name": "UnknownError",
  "data": {
    "message": "Unexpected server error. Check server logs for details.",
    "ref": "err_97d6fdb5"
  }
}
===== ANALYST laguna 2026-09-08 09:02:55 UTC =====
[91m[1mError: [0m{
  "name": "UnknownError",
  "data": {
    "message": "Unexpected server error. Check server logs for details.",
    "ref": "err_a3b1045c"
  }
}
===== ANALYST laguna 2026-09-08 13:34:27 UTC =====
[91m[1mError: [0m{
  "name": "UnknownError",
  "data": {
    "message": "Unexpected server error. Check server logs for details.",
    "ref": "err_3b6eb09b"
  }
}
===== ANALYST laguna 2026-09-08 17:50:23 UTC =====
[91m[1mError: [0m{
  "name": "UnknownError",
  "data": {
    "message": "Unexpected server error. Check server logs for details.",
    "ref": "err_2ba79aef"
  }
}
===== ANALYST laguna 2026-09-08 20:21:39 UTC =====
[91m[1mError: [0m{
  "name": "UnknownError",
  "data": {
    "message": "Unexpected server error. Check server logs for details.",
    "ref": "err_9348161a"
  }
}
===== ANALYST laguna 2026-09-08 22:48:59 UTC =====
[91m[1mError: [0m{
  "name": "UnknownError",
  "data": {
    "message": "Unexpected server error. Check server logs for details.",
    "ref": "err_cd22fb42"
  }
}
===== ANALYST laguna 2026-09-09 01:19:23 UTC =====
[91m[1mError: [0m{
  "name": "UnknownError",
  "data": {
    "message": "Unexpected server error. Check server logs for details.",
    "ref": "err_6611f26d"
  }
}
===== ANALYST laguna 2026-09-09 06:12:41 UTC =====
[91m[1mError: [0m{
  "name": "UnknownError",
  "data": {
    "message": "Unexpected server error. Check server logs for details.",
    "ref": "err_59234c78"
  }
}
