===== ANALYST ling3 2026-09-03 17:24:39 UTC =====
[91m[1mError: [0m{
  "name": "UnknownError",
  "data": {
    "message": "Unexpected server error. Check server logs for details.",
    "ref": "err_46e34443"
  }
}
===== ANALYST ling3 2026-09-03 20:08:18 UTC =====
[91m[1mError: [0m{
  "name": "UnknownError",
  "data": {
    "message": "Unexpected server error. Check server logs for details.",
    "ref": "err_5253da85"
  }
}
===== ANALYST ling3 2026-09-03 22:51:06 UTC =====
[91m[1mError: [0m{
  "name": "UnknownError",
  "data": {
    "message": "Unexpected server error. Check server logs for details.",
    "ref": "err_b966e35e"
  }
}
===== ANALYST ling3 2026-09-04 00:48:41 UTC =====
[91m[1mError: [0m{
  "name": "UnknownError",
  "data": {
    "message": "Unexpected server error. Check server logs for details.",
    "ref": "err_66692bcd"
  }
}
===== ANALYST ling3 2026-09-04 05:13:58 UTC =====
[91m[1mError: [0m{
  "name": "UnknownError",
  "data": {
    "message": "Unexpected server error. Check server logs for details.",
    "ref": "err_6695ddc0"
  }
}
===== ANALYST ling3 2026-09-04 09:50:28 UTC =====
[91m[1mError: [0m{
  "name": "UnknownError",
  "data": {
    "message": "Unexpected server error. Check server logs for details.",
    "ref": "err_cbd56b82"
  }
}
===== ANALYST ling3 2026-09-04 14:26:01 UTC =====
[91m[1mError: [0m{
  "name": "UnknownError",
  "data": {
    "message": "Unexpected server error. Check server logs for details.",
    "ref": "err_3c44218c"
  }
}
===== ANALYST ling3 2026-09-04 18:02:21 UTC =====
[91m[1mError: [0m{
  "name": "UnknownError",
  "data": {
    "message": "Unexpected server error. Check server logs for details.",
    "ref": "err_a9227566"
  }
}
===== ANALYST ling3 2026-09-04 20:04:44 UTC =====
[91m[1mError: [0m{
  "name": "UnknownError",
  "data": {
    "message": "Unexpected server error. Check server logs for details.",
    "ref": "err_07fd4add"
  }
}
===== ANALYST ling3 2026-09-04 22:19:14 UTC =====
[91m[1mError: [0m{
  "name": "UnknownError",
  "data": {
    "message": "Unexpected server error. Check server logs for details.",
    "ref": "err_48b5affd"
  }
}
===== ANALYST ling3 2026-09-05 00:16:35 UTC =====
[91m[1mError: [0m{
  "name": "UnknownError",
  "data": {
    "message": "Unexpected server error. Check server logs for details.",
    "ref": "err_9c9aaf05"
  }
}
===== ANALYST ling3 2026-09-05 04:46:32 UTC =====
[91m[1mError: [0m{
  "name": "UnknownError",
  "data": {
    "message": "Unexpected server error. Check server logs for details.",
    "ref": "err_d9390845"
  }
}
===== ANALYST ling3 2026-09-05 08:43:46 UTC =====
[91m[1mError: [0m{
  "name": "UnknownError",
  "data": {
    "message": "Unexpected server error. Check server logs for details.",
    "ref": "err_b8b2c08d"
  }
}
===== ANALYST ling3 2026-09-05 12:12:10 UTC =====
[91m[1mError: [0m{
  "name": "UnknownError",
  "data": {
    "message": "Unexpected server error. Check server logs for details.",
    "ref": "err_a96abd39"
  }
}
===== ANALYST ling3 2026-09-05 15:34:45 UTC =====
[91m[1mError: [0m{
  "name": "UnknownError",
  "data": {
    "message": "Unexpected server error. Check server logs for details.",
    "ref": "err_b7882b78"
  }
}
===== ANALYST ling3 2026-09-05 17:45:43 UTC =====
[91m[1mError: [0m{
  "name": "UnknownError",
  "data": {
    "message": "Unexpected server error. Check server logs for details.",
    "ref": "err_b257f20b"
  }
}
===== ANALYST ling3 2026-09-05 19:37:04 UTC =====
[91m[1mError: [0m{
  "name": "UnknownError",
  "data": {
    "message": "Unexpected server error. Check server logs for details.",
    "ref": "err_e52c346b"
  }
}
===== ANALYST ling3 2026-09-05 21:47:51 UTC =====
[91m[1mError: [0m{
  "name": "UnknownError",
  "data": {
    "message": "Unexpected server error. Check server logs for details.",
    "ref": "err_4c38e9c7"
  }
}
===== ANALYST ling3 2026-09-05 23:48:13 UTC =====
[91m[1mError: [0m{
  "name": "UnknownError",
  "data": {
    "message": "Unexpected server error. Check server logs for details.",
    "ref": "err_503d4acc"
  }
}
===== ANALYST ling3 2026-09-06 04:10:59 UTC =====
[91m[1mError: [0m{
  "name": "UnknownError",
  "data": {
    "message": "Unexpected server error. Check server logs for details.",
    "ref": "err_bbb05c53"
  }
}
===== ANALYST ling3 2026-09-06 08:50:52 UTC =====
[91m[1mError: [0m{
  "name": "UnknownError",
  "data": {
    "message": "Unexpected server error. Check server logs for details.",
    "ref": "err_42616433"
  }
}
===== ANALYST ling3 2026-09-06 12:54:16 UTC =====
[91m[1mError: [0m{
  "name": "UnknownError",
  "data": {
    "message": "Unexpected server error. Check server logs for details.",
    "ref": "err_19599ea3"
  }
}
===== ANALYST ling3 2026-09-06 16:13:38 UTC =====
[91m[1mError: [0m{
  "name": "UnknownError",
  "data": {
    "message": "Unexpected server error. Check server logs for details.",
    "ref": "err_e96f0739"
  }
}
===== ANALYST ling3 2026-09-06 18:35:44 UTC =====
[91m[1mError: [0m{
  "name": "UnknownError",
  "data": {
    "message": "Unexpected server error. Check server logs for details.",
    "ref": "err_170dc470"
  }
}
===== ANALYST ling3 2026-09-06 20:52:21 UTC =====
[91m[1mError: [0m{
  "name": "UnknownError",
  "data": {
    "message": "Unexpected server error. Check server logs for details.",
    "ref": "err_3c778451"
  }
}
===== ANALYST ling3 2026-09-06 22:51:58 UTC =====
[91m[1mError: [0m{
  "name": "UnknownError",
  "data": {
    "message": "Unexpected server error. Check server logs for details.",
    "ref": "err_7a66cdde"
  }
}
===== ANALYST ling3 2026-09-07 00:51:48 UTC =====
[91m[1mError: [0m{
  "name": "UnknownError",
  "data": {
    "message": "Unexpected server error. Check server logs for details.",
    "ref": "err_2b2cedf7"
  }
}
===== ANALYST ling3 2026-09-07 05:56:26 UTC =====
[91m[1mError: [0m{
  "name": "UnknownError",
  "data": {
    "message": "Unexpected server error. Check server logs for details.",
    "ref": "err_321ae7c3"
  }
}
===== ANALYST ling3 2026-09-07 12:27:56 UTC =====
[91m[1mError: [0m{
  "name": "UnknownError",
  "data": {
    "message": "Unexpected server error. Check server logs for details.",
    "ref": "err_335319f3"
  }
}
===== ANALYST ling3 2026-09-07 17:54:23 UTC =====
[91m[1mError: [0m{
  "name": "UnknownError",
  "data": {
    "message": "Unexpected server error. Check server logs for details.",
    "ref": "err_c71a740d"
  }
}
===== ANALYST ling3 2026-09-07 21:27:49 UTC =====
[91m[1mError: [0m{
  "name": "UnknownError",
  "data": {
    "message": "Unexpected server error. Check server logs for details.",
    "ref": "err_63d1e743"
  }
}
===== ANALYST ling3 2026-09-07 23:49:37 UTC =====
[91m[1mError: [0m{
  "name": "UnknownError",
  "data": {
    "message": "Unexpected server error. Check server logs for details.",
    "ref": "err_65b3c424"
  }
}
===== ANALYST ling3 2026-09-08 04:11:28 UTC =====
[91m[1mError: [0m{
  "name": "UnknownError",
  "data": {
    "message": "Unexpected server error. Check server logs for details.",
    "ref": "err_ba736538"
  }
}
===== ANALYST ling3 2026-09-08 09:02:55 UTC =====
[91m[1mError: [0m{
  "name": "UnknownError",
  "data": {
    "message": "Unexpected server error. Check server logs for details.",
    "ref": "err_fd6abf65"
  }
}
===== ANALYST ling3 2026-09-08 13:34:27 UTC =====
[91m[1mError: [0m{
  "name": "UnknownError",
  "data": {
    "message": "Unexpected server error. Check server logs for details.",
    "ref": "err_9c2e47f9"
  }
}
===== ANALYST ling3 2026-09-08 17:50:23 UTC =====
[91m[1mError: [0m{
  "name": "UnknownError",
  "data": {
    "message": "Unexpected server error. Check server logs for details.",
    "ref": "err_f454acab"
  }
}
===== ANALYST ling3 2026-09-08 20:21:39 UTC =====
[91m[1mError: [0m{
  "name": "UnknownError",
  "data": {
    "message": "Unexpected server error. Check server logs for details.",
    "ref": "err_4563468b"
  }
}
===== ANALYST ling3 2026-09-08 22:48:59 UTC =====
[91m[1mError: [0m{
  "name": "UnknownError",
  "data": {
    "message": "Unexpected server error. Check server logs for details.",
    "ref": "err_eb63d6d3"
  }
}
===== ANALYST ling3 2026-09-09 01:19:23 UTC =====
[91m[1mError: [0m{
  "name": "UnknownError",
  "data": {
    "message": "Unexpected server error. Check server logs for details.",
    "ref": "err_5a2d02bc"
  }
}
===== ANALYST ling3 2026-09-09 06:12:41 UTC =====
[91m[1mError: [0m{
  "name": "UnknownError",
  "data": {
    "message": "Unexpected server error. Check server logs for details.",
    "ref": "err_68a75b14"
  }
}
===== ANALYST ling3 2026-09-09 11:42:54 UTC =====
[91m[1mError: [0m{
  "name": "UnknownError",
  "data": {
    "message": "Unexpected server error. Check server logs for details.",
    "ref": "err_507317c0"
  }
}
===== ANALYST ling3 2026-09-09 15:34:53 UTC =====
[91m[1mError: [0m{
  "name": "UnknownError",
  "data": {
    "message": "Unexpected server error. Check server logs for details.",
    "ref": "err_a72bca26"
  }
}
===== ANALYST ling3 2026-09-09 18:46:50 UTC =====
[91m[1mError: [0m{
  "name": "UnknownError",
  "data": {
    "message": "Unexpected server error. Check server logs for details.",
    "ref": "err_f587942e"
  }
}
===== ANALYST ling3 2026-09-09 21:39:00 UTC =====
[91m[1mError: [0m{
  "name": "UnknownError",
  "data": {
    "message": "Unexpected server error. Check server logs for details.",
    "ref": "err_ac8d1b1b"
  }
}
===== ANALYST ling3 2026-09-09 23:35:21 UTC =====
[91m[1mError: [0m{
  "name": "UnknownError",
  "data": {
    "message": "Unexpected server error. Check server logs for details.",
    "ref": "err_3761be4d"
  }
}
===== ANALYST ling3 2026-09-10 01:33:54 UTC =====
[91m[1mError: [0m{
  "name": "UnknownError",
  "data": {
    "message": "Unexpected server error. Check server logs for details.",
    "ref": "err_72b61789"
  }
}
===== ANALYST ling3 2026-09-10 07:03:07 UTC =====
[91m[1mError: [0m{
  "name": "UnknownError",
  "data": {
    "message": "Unexpected server error. Check server logs for details.",
    "ref": "err_59b15e25"
  }
}
===== ANALYST ling3 2026-09-10 12:02:50 UTC =====
[91m[1mError: [0m{
  "name": "UnknownError",
  "data": {
    "message": "Unexpected server error. Check server logs for details.",
    "ref": "err_684bef7e"
  }
}
===== ANALYST ling3 2026-09-10 16:16:00 UTC =====
[91m[1mError: [0m{
  "name": "UnknownError",
  "data": {
    "message": "Unexpected server error. Check server logs for details.",
    "ref": "err_31204c93"
  }
}
===== ANALYST ling3 2026-09-10 19:17:47 UTC =====
[91m[1mError: [0m{
  "name": "UnknownError",
  "data": {
    "message": "Unexpected server error. Check server logs for details.",
    "ref": "err_9f24dd3e"
  }
}
===== ANALYST ling3 2026-09-10 21:47:12 UTC =====
[91m[1mError: [0m{
  "name": "UnknownError",
  "data": {
    "message": "Unexpected server error. Check server logs for details.",
    "ref": "err_65cb3b54"
  }
}
===== ANALYST ling3 2026-09-10 23:57:14 UTC =====
[91m[1mError: [0m{
  "name": "UnknownError",
  "data": {
    "message": "Unexpected server error. Check server logs for details.",
    "ref": "err_c5cf8ab9"
  }
}
===== ANALYST ling3 2026-09-11 04:23:34 UTC =====
[91m[1mError: [0m{
  "name": "UnknownError",
  "data": {
    "message": "Unexpected server error. Check server logs for details.",
    "ref": "err_8af3c60c"
  }
}
===== ANALYST ling3 2026-09-11 09:21:05 UTC =====
[91m[1mError: [0m{
  "name": "UnknownError",
  "data": {
    "message": "Unexpected server error. Check server logs for details.",
    "ref": "err_8ef064a2"
  }
}
===== ANALYST ling3 2026-09-11 13:46:17 UTC =====
[91m[1mError: [0m{
  "name": "UnknownError",
  "data": {
    "message": "Unexpected server error. Check server logs for details.",
    "ref": "err_1fb299e1"
  }
}
===== ANALYST ling3 2026-09-11 17:23:00 UTC =====
[91m[1mError: [0m{
  "name": "UnknownError",
  "data": {
    "message": "Unexpected server error. Check server logs for details.",
    "ref": "err_8ebb7499"
  }
}
===== ANALYST ling3 2026-09-11 19:53:37 UTC =====
[91m[1mError: [0m{
  "name": "UnknownError",
  "data": {
    "message": "Unexpected server error. Check server logs for details.",
    "ref": "err_69965816"
  }
}
===== ANALYST ling3 2026-09-11 22:25:47 UTC =====
[91m[1mError: [0m{
  "name": "UnknownError",
  "data": {
    "message": "Unexpected server error. Check server logs for details.",
    "ref": "err_ede5ea9a"
  }
}
===== ANALYST ling3 2026-09-12 00:40:45 UTC =====
[91m[1mError: [0m{
  "name": "UnknownError",
  "data": {
    "message": "Unexpected server error. Check server logs for details.",
    "ref": "err_5317696d"
  }
}
===== ANALYST ling3 2026-09-12 05:07:27 UTC =====
[91m[1mError: [0m{
  "name": "UnknownError",
  "data": {
    "message": "Unexpected server error. Check server logs for details.",
    "ref": "err_53ef07aa"
  }
}
===== ANALYST ling3 2026-09-12 09:29:33 UTC =====
[91m[1mError: [0m{
  "name": "UnknownError",
  "data": {
    "message": "Unexpected server error. Check server logs for details.",
    "ref": "err_1c3b4a72"
  }
}
===== ANALYST ling3 2026-09-12 13:13:04 UTC =====
[91m[1mError: [0m{
  "name": "UnknownError",
  "data": {
    "message": "Unexpected server error. Check server logs for details.",
    "ref": "err_e442512e"
  }
}
===== ANALYST ling3 2026-09-12 16:27:35 UTC =====
[91m[1mError: [0m{
  "name": "UnknownError",
  "data": {
    "message": "Unexpected server error. Check server logs for details.",
    "ref": "err_1b1ec907"
  }
}
===== ANALYST ling3 2026-09-12 18:52:44 UTC =====
[91m[1mError: [0m{
  "name": "UnknownError",
  "data": {
    "message": "Unexpected server error. Check server logs for details.",
    "ref": "err_69ce74e9"
  }
}
===== ANALYST ling3 2026-09-12 21:23:15 UTC =====
[91m[1mError: [0m{
  "name": "UnknownError",
  "data": {
    "message": "Unexpected server error. Check server logs for details.",
    "ref": "err_0c110096"
  }
}
===== ANALYST ling3 2026-09-12 23:23:25 UTC =====
[91m[1mError: [0m{
  "name": "UnknownError",
  "data": {
    "message": "Unexpected server error. Check server logs for details.",
    "ref": "err_69d77f3f"
  }
}
===== ANALYST ling3 2026-09-13 01:30:08 UTC =====
[91m[1mError: [0m{
  "name": "UnknownError",
  "data": {
    "message": "Unexpected server error. Check server logs for details.",
    "ref": "err_f8529266"
  }
}
===== ANALYST ling3 2026-09-13 06:54:45 UTC =====
[91m[1mError: [0m{
  "name": "UnknownError",
  "data": {
    "message": "Unexpected server error. Check server logs for details.",
    "ref": "err_42aefe7e"
  }
}
===== ANALYST ling3 2026-09-13 12:59:51 UTC =====
[91m[1mError: [0m{
  "name": "UnknownError",
  "data": {
    "message": "Unexpected server error. Check server logs for details.",
    "ref": "err_01710c73"
  }
}
===== ANALYST ling3 2026-09-13 16:45:42 UTC =====
[91m[1mError: [0m{
  "name": "UnknownError",
  "data": {
    "message": "Unexpected server error. Check server logs for details.",
    "ref": "err_50b62ba6"
  }
}
===== ANALYST ling3 2026-09-13 19:17:08 UTC =====
[91m[1mError: [0m{
  "name": "UnknownError",
  "data": {
    "message": "Unexpected server error. Check server logs for details.",
    "ref": "err_0b577326"
  }
}
===== ANALYST ling3 2026-09-13 21:28:47 UTC =====
[91m[1mError: [0m{
  "name": "UnknownError",
  "data": {
    "message": "Unexpected server error. Check server logs for details.",
    "ref": "err_a8bcfde2"
  }
}
===== ANALYST ling3 2026-09-13 23:37:51 UTC =====
[91m[1mError: [0m{
  "name": "UnknownError",
  "data": {
    "message": "Unexpected server error. Check server logs for details.",
    "ref": "err_4ce49116"
  }
}
===== ANALYST ling3 2026-09-14 01:43:23 UTC =====
[91m[1mError: [0m{
  "name": "UnknownError",
  "data": {
    "message": "Unexpected server error. Check server logs for details.",
    "ref": "err_923e6fa8"
  }
}
===== ANALYST ling3 2026-09-14 07:18:54 UTC =====
[91m[1mError: [0m{
  "name": "UnknownError",
  "data": {
    "message": "Unexpected server error. Check server logs for details.",
    "ref": "err_10f70758"
  }
}
===== ANALYST ling3 2026-09-14 14:27:22 UTC =====
[91m[1mError: [0m{
  "name": "UnknownError",
  "data": {
    "message": "Unexpected server error. Check server logs for details.",
    "ref": "err_580d13e5"
  }
}
===== ANALYST ling3 2026-09-14 19:33:02 UTC =====
[91m[1mError: [0m{
  "name": "UnknownError",
  "data": {
    "message": "Unexpected server error. Check server logs for details.",
    "ref": "err_67f3737a"
  }
}
===== ANALYST ling3 2026-09-14 22:48:45 UTC =====
[91m[1mError: [0m{
  "name": "UnknownError",
  "data": {
    "message": "Unexpected server error. Check server logs for details.",
    "ref": "err_0c57c7d0"
  }
}
===== ANALYST ling3 2026-09-15 01:22:44 UTC =====
[91m[1mError: [0m{
  "name": "UnknownError",
  "data": {
    "message": "Unexpected server error. Check server logs for details.",
    "ref": "err_b6098cee"
  }
}
===== ANALYST ling3 2026-09-15 06:23:08 UTC =====
[91m[1mError: [0m{
  "name": "UnknownError",
  "data": {
    "message": "Unexpected server error. Check server logs for details.",
    "ref": "err_0f7ceaf8"
  }
}
===== ANALYST ling3 2026-09-15 11:59:12 UTC =====
[91m[1mError: [0m{
  "name": "UnknownError",
  "data": {
    "message": "Unexpected server error. Check server logs for details.",
    "ref": "err_e06fd2f3"
  }
}
===== ANALYST ling3 2026-09-15 16:50:31 UTC =====
[91m[1mError: [0m{
  "name": "UnknownError",
  "data": {
    "message": "Unexpected server error. Check server logs for details.",
    "ref": "err_4ff26238"
  }
}
===== ANALYST ling3 2026-09-15 20:14:45 UTC =====
[91m[1mError: [0m{
  "name": "UnknownError",
  "data": {
    "message": "Unexpected server error. Check server logs for details.",
    "ref": "err_be6f3697"
  }
}
===== ANALYST ling3 2026-09-15 23:02:18 UTC =====
[91m[1mError: [0m{
  "name": "UnknownError",
  "data": {
    "message": "Unexpected server error. Check server logs for details.",
    "ref": "err_befb07b7"
  }
}
===== ANALYST ling3 2026-09-16 01:21:30 UTC =====
[91m[1mError: [0m{
  "name": "UnknownError",
  "data": {
    "message": "Unexpected server error. Check server logs for details.",
    "ref": "err_8cb9d868"
  }
}
===== ANALYST ling3 2026-09-16 06:21:22 UTC =====
[91m[1mError: [0m{
  "name": "UnknownError",
  "data": {
    "message": "Unexpected server error. Check server logs for details.",
    "ref": "err_328edea9"
  }
}
===== ANALYST ling3 2026-09-16 11:54:13 UTC =====
[91m[1mError: [0m{
  "name": "UnknownError",
  "data": {
    "message": "Unexpected server error. Check server logs for details.",
    "ref": "err_97f7a4bb"
  }
}
===== ANALYST ling3 2026-09-16 16:45:14 UTC =====
[91m[1mError: [0m{
  "name": "UnknownError",
  "data": {
    "message": "Unexpected server error. Check server logs for details.",
    "ref": "err_056709ff"
  }
}
===== ANALYST ling3 2026-09-16 20:02:34 UTC =====
[91m[1mError: [0m{
  "name": "UnknownError",
  "data": {
    "message": "Unexpected server error. Check server logs for details.",
    "ref": "err_79c1925f"
  }
}
===== ANALYST ling3 2026-09-16 22:50:39 UTC =====
[91m[1mError: [0m{
  "name": "UnknownError",
  "data": {
    "message": "Unexpected server error. Check server logs for details.",
    "ref": "err_5f17a18c"
  }
}
===== ANALYST ling3 2026-09-17 01:16:27 UTC =====
[91m[1mError: [0m{
  "name": "UnknownError",
  "data": {
    "message": "Unexpected server error. Check server logs for details.",
    "ref": "err_57763725"
  }
}
===== ANALYST ling3 2026-09-17 06:17:24 UTC =====
[91m[1mError: [0m{
  "name": "UnknownError",
  "data": {
    "message": "Unexpected server error. Check server logs for details.",
    "ref": "err_83a5dd75"
  }
}
===== ANALYST ling3 2026-09-17 12:02:37 UTC =====
[91m[1mError: [0m{
  "name": "UnknownError",
  "data": {
    "message": "Unexpected server error. Check server logs for details.",
    "ref": "err_9f9268a5"
  }
}
===== ANALYST ling3 2026-09-17 16:46:34 UTC =====
[91m[1mError: [0m{
  "name": "UnknownError",
  "data": {
    "message": "Unexpected server error. Check server logs for details.",
    "ref": "err_ca9662b5"
  }
}
===== ANALYST ling3 2026-09-17 20:09:31 UTC =====
[91m[1mError: [0m{
  "name": "UnknownError",
  "data": {
    "message": "Unexpected server error. Check server logs for details.",
    "ref": "err_3e468a58"
  }
}
===== ANALYST ling3 2026-09-17 22:57:37 UTC =====
[91m[1mError: [0m{
  "name": "UnknownError",
  "data": {
    "message": "Unexpected server error. Check server logs for details.",
    "ref": "err_9b35b80e"
  }
}
===== ANALYST ling3 2026-09-18 01:11:40 UTC =====
[91m[1mError: [0m{
  "name": "UnknownError",
  "data": {
    "message": "Unexpected server error. Check server logs for details.",
    "ref": "err_5b66e151"
  }
}
===== ANALYST ling3 2026-09-18 06:05:06 UTC =====
[91m[1mError: [0m{
  "name": "UnknownError",
  "data": {
    "message": "Unexpected server error. Check server logs for details.",
    "ref": "err_062bc755"
  }
}
===== ANALYST ling3 2026-09-18 11:35:04 UTC =====
[91m[1mError: [0m{
  "name": "UnknownError",
  "data": {
    "message": "Unexpected server error. Check server logs for details.",
    "ref": "err_8601117e"
  }
}
===== ANALYST ling3 2026-09-18 15:13:39 UTC =====
[91m[1mError: [0m{
  "name": "UnknownError",
  "data": {
    "message": "Unexpected server error. Check server logs for details.",
    "ref": "err_3698b5e3"
  }
}
===== ANALYST ling3 2026-09-18 18:44:35 UTC =====
[91m[1mError: [0m{
  "name": "UnknownError",
  "data": {
    "message": "Unexpected server error. Check server logs for details.",
    "ref": "err_33a2f7fc"
  }
}
===== ANALYST ling3 2026-09-18 21:19:29 UTC =====
[91m[1mError: [0m{
  "name": "UnknownError",
  "data": {
    "message": "Unexpected server error. Check server logs for details.",
    "ref": "err_61570655"
  }
}
===== ANALYST ling3 2026-09-18 23:25:53 UTC =====
[91m[1mError: [0m{
  "name": "UnknownError",
  "data": {
    "message": "Unexpected server error. Check server logs for details.",
    "ref": "err_4595b74a"
  }
}
===== ANALYST ling3 2026-09-19 01:40:36 UTC =====
[91m[1mError: [0m{
  "name": "UnknownError",
  "data": {
    "message": "Unexpected server error. Check server logs for details.",
    "ref": "err_20bd2fc4"
  }
}
