===== ANALYST longcat 2026-09-03 17:24:39 UTC =====
[91m[1mError: [0m{
  "name": "UnknownError",
  "data": {
    "message": "Unexpected server error. Check server logs for details.",
    "ref": "err_d03008d9"
  }
}
===== ANALYST longcat 2026-09-03 20:08:18 UTC =====
[91m[1mError: [0m{
  "name": "UnknownError",
  "data": {
    "message": "Unexpected server error. Check server logs for details.",
    "ref": "err_980e54f0"
  }
}
===== ANALYST longcat 2026-09-03 22:51:06 UTC =====
[91m[1mError: [0m{
  "name": "UnknownError",
  "data": {
    "message": "Unexpected server error. Check server logs for details.",
    "ref": "err_e8f3be84"
  }
}
===== ANALYST longcat 2026-09-04 00:48:41 UTC =====
[91m[1mError: [0m{
  "name": "UnknownError",
  "data": {
    "message": "Unexpected server error. Check server logs for details.",
    "ref": "err_82c1e847"
  }
}
===== ANALYST longcat 2026-09-04 05:13:58 UTC =====
[91m[1mError: [0m{
  "name": "UnknownError",
  "data": {
    "message": "Unexpected server error. Check server logs for details.",
    "ref": "err_9d5d6476"
  }
}
===== ANALYST longcat 2026-09-04 09:50:28 UTC =====
[91m[1mError: [0m{
  "name": "UnknownError",
  "data": {
    "message": "Unexpected server error. Check server logs for details.",
    "ref": "err_bb05b54c"
  }
}
===== ANALYST longcat 2026-09-04 14:26:01 UTC =====
[91m[1mError: [0m{
  "name": "UnknownError",
  "data": {
    "message": "Unexpected server error. Check server logs for details.",
    "ref": "err_39f353fa"
  }
}
===== ANALYST longcat 2026-09-04 18:02:21 UTC =====
[91m[1mError: [0m{
  "name": "UnknownError",
  "data": {
    "message": "Unexpected server error. Check server logs for details.",
    "ref": "err_9e1e5877"
  }
}
===== ANALYST longcat 2026-09-04 20:04:44 UTC =====
[91m[1mError: [0m{
  "name": "UnknownError",
  "data": {
    "message": "Unexpected server error. Check server logs for details.",
    "ref": "err_6ce1d47f"
  }
}
===== ANALYST longcat 2026-09-04 22:19:14 UTC =====
[91m[1mError: [0m{
  "name": "UnknownError",
  "data": {
    "message": "Unexpected server error. Check server logs for details.",
    "ref": "err_df9bbd7e"
  }
}
===== ANALYST longcat 2026-09-05 00:16:35 UTC =====
[91m[1mError: [0m{
  "name": "UnknownError",
  "data": {
    "message": "Unexpected server error. Check server logs for details.",
    "ref": "err_8b4ab38a"
  }
}
===== ANALYST longcat 2026-09-05 04:46:32 UTC =====
[91m[1mError: [0m{
  "name": "UnknownError",
  "data": {
    "message": "Unexpected server error. Check server logs for details.",
    "ref": "err_a2611be0"
  }
}
===== ANALYST longcat 2026-09-05 08:43:46 UTC =====
[91m[1mError: [0m{
  "name": "UnknownError",
  "data": {
    "message": "Unexpected server error. Check server logs for details.",
    "ref": "err_65c6592a"
  }
}
===== ANALYST longcat 2026-09-05 12:12:10 UTC =====
[91m[1mError: [0m{
  "name": "UnknownError",
  "data": {
    "message": "Unexpected server error. Check server logs for details.",
    "ref": "err_2acb6f9b"
  }
}
===== ANALYST longcat 2026-09-05 15:34:45 UTC =====
[91m[1mError: [0m{
  "name": "UnknownError",
  "data": {
    "message": "Unexpected server error. Check server logs for details.",
    "ref": "err_228e3699"
  }
}
===== ANALYST longcat 2026-09-05 17:45:43 UTC =====
[91m[1mError: [0m{
  "name": "UnknownError",
  "data": {
    "message": "Unexpected server error. Check server logs for details.",
    "ref": "err_ae59384d"
  }
}
===== ANALYST longcat 2026-09-05 19:37:04 UTC =====
[91m[1mError: [0m{
  "name": "UnknownError",
  "data": {
    "message": "Unexpected server error. Check server logs for details.",
    "ref": "err_48ce51dd"
  }
}
===== ANALYST longcat 2026-09-05 21:47:51 UTC =====
[91m[1mError: [0m{
  "name": "UnknownError",
  "data": {
    "message": "Unexpected server error. Check server logs for details.",
    "ref": "err_7626d84e"
  }
}
===== ANALYST longcat 2026-09-05 23:48:13 UTC =====
[91m[1mError: [0m{
  "name": "UnknownError",
  "data": {
    "message": "Unexpected server error. Check server logs for details.",
    "ref": "err_741dda29"
  }
}
===== ANALYST longcat 2026-09-06 04:10:59 UTC =====
[91m[1mError: [0m{
  "name": "UnknownError",
  "data": {
    "message": "Unexpected server error. Check server logs for details.",
    "ref": "err_1aa83277"
  }
}
===== ANALYST longcat 2026-09-06 08:50:52 UTC =====
[91m[1mError: [0m{
  "name": "UnknownError",
  "data": {
    "message": "Unexpected server error. Check server logs for details.",
    "ref": "err_bd498618"
  }
}
===== ANALYST longcat 2026-09-06 12:54:16 UTC =====
[91m[1mError: [0m{
  "name": "UnknownError",
  "data": {
    "message": "Unexpected server error. Check server logs for details.",
    "ref": "err_4db45387"
  }
}
===== ANALYST longcat 2026-09-06 16:13:38 UTC =====
[91m[1mError: [0m{
  "name": "UnknownError",
  "data": {
    "message": "Unexpected server error. Check server logs for details.",
    "ref": "err_2c348634"
  }
}
===== ANALYST longcat 2026-09-06 18:35:44 UTC =====
[91m[1mError: [0m{
  "name": "UnknownError",
  "data": {
    "message": "Unexpected server error. Check server logs for details.",
    "ref": "err_ad7e6998"
  }
}
===== ANALYST longcat 2026-09-06 20:52:21 UTC =====
[91m[1mError: [0m{
  "name": "UnknownError",
  "data": {
    "message": "Unexpected server error. Check server logs for details.",
    "ref": "err_221b8055"
  }
}
===== ANALYST longcat 2026-09-06 22:51:58 UTC =====
[91m[1mError: [0m{
  "name": "UnknownError",
  "data": {
    "message": "Unexpected server error. Check server logs for details.",
    "ref": "err_dd2e7041"
  }
}
===== ANALYST longcat 2026-09-07 00:51:48 UTC =====
[91m[1mError: [0m{
  "name": "UnknownError",
  "data": {
    "message": "Unexpected server error. Check server logs for details.",
    "ref": "err_29c591f9"
  }
}
===== ANALYST longcat 2026-09-07 05:56:26 UTC =====
[91m[1mError: [0m{
  "name": "UnknownError",
  "data": {
    "message": "Unexpected server error. Check server logs for details.",
    "ref": "err_033956f0"
  }
}
===== ANALYST longcat 2026-09-07 12:27:56 UTC =====
[91m[1mError: [0m{
  "name": "UnknownError",
  "data": {
    "message": "Unexpected server error. Check server logs for details.",
    "ref": "err_2af92177"
  }
}
===== ANALYST longcat 2026-09-07 17:54:23 UTC =====
[91m[1mError: [0m{
  "name": "UnknownError",
  "data": {
    "message": "Unexpected server error. Check server logs for details.",
    "ref": "err_8c7a9a24"
  }
}
===== ANALYST longcat 2026-09-07 21:27:49 UTC =====
[91m[1mError: [0m{
  "name": "UnknownError",
  "data": {
    "message": "Unexpected server error. Check server logs for details.",
    "ref": "err_d13fcbfb"
  }
}
===== ANALYST longcat 2026-09-07 23:49:37 UTC =====
[91m[1mError: [0m{
  "name": "UnknownError",
  "data": {
    "message": "Unexpected server error. Check server logs for details.",
    "ref": "err_e8388805"
  }
}
===== ANALYST longcat 2026-09-08 04:11:28 UTC =====
[91m[1mError: [0m{
  "name": "UnknownError",
  "data": {
    "message": "Unexpected server error. Check server logs for details.",
    "ref": "err_6825b710"
  }
}
===== ANALYST longcat 2026-09-08 09:02:55 UTC =====
[91m[1mError: [0m{
  "name": "UnknownError",
  "data": {
    "message": "Unexpected server error. Check server logs for details.",
    "ref": "err_54b33f52"
  }
}
===== ANALYST longcat 2026-09-08 13:34:27 UTC =====
[91m[1mError: [0m{
  "name": "UnknownError",
  "data": {
    "message": "Unexpected server error. Check server logs for details.",
    "ref": "err_867be718"
  }
}
===== ANALYST longcat 2026-09-08 17:50:23 UTC =====
[91m[1mError: [0m{
  "name": "UnknownError",
  "data": {
    "message": "Unexpected server error. Check server logs for details.",
    "ref": "err_25e4ae0b"
  }
}
===== ANALYST longcat 2026-09-08 20:21:39 UTC =====
[91m[1mError: [0m{
  "name": "UnknownError",
  "data": {
    "message": "Unexpected server error. Check server logs for details.",
    "ref": "err_9a592c0c"
  }
}
===== ANALYST longcat 2026-09-08 22:48:59 UTC =====
[91m[1mError: [0m{
  "name": "UnknownError",
  "data": {
    "message": "Unexpected server error. Check server logs for details.",
    "ref": "err_31830a8d"
  }
}
===== ANALYST longcat 2026-09-09 01:19:23 UTC =====
[91m[1mError: [0m{
  "name": "UnknownError",
  "data": {
    "message": "Unexpected server error. Check server logs for details.",
    "ref": "err_93aa3873"
  }
}
===== ANALYST longcat 2026-09-09 06:12:41 UTC =====
[91m[1mError: [0m{
  "name": "UnknownError",
  "data": {
    "message": "Unexpected server error. Check server logs for details.",
    "ref": "err_28a689ce"
  }
}
===== ANALYST longcat 2026-09-09 11:42:54 UTC =====
[91m[1mError: [0m{
  "name": "UnknownError",
  "data": {
    "message": "Unexpected server error. Check server logs for details.",
    "ref": "err_2f0820d8"
  }
}
===== ANALYST longcat 2026-09-09 15:34:53 UTC =====
[91m[1mError: [0m{
  "name": "UnknownError",
  "data": {
    "message": "Unexpected server error. Check server logs for details.",
    "ref": "err_4c439c02"
  }
}
===== ANALYST longcat 2026-09-09 18:46:50 UTC =====
[91m[1mError: [0m{
  "name": "UnknownError",
  "data": {
    "message": "Unexpected server error. Check server logs for details.",
    "ref": "err_3136e42f"
  }
}
===== ANALYST longcat 2026-09-09 21:39:00 UTC =====
[91m[1mError: [0m{
  "name": "UnknownError",
  "data": {
    "message": "Unexpected server error. Check server logs for details.",
    "ref": "err_7e91a3d9"
  }
}
===== ANALYST longcat 2026-09-09 23:35:21 UTC =====
[91m[1mError: [0m{
  "name": "UnknownError",
  "data": {
    "message": "Unexpected server error. Check server logs for details.",
    "ref": "err_ab8f80c9"
  }
}
===== ANALYST longcat 2026-09-10 01:33:54 UTC =====
[91m[1mError: [0m{
  "name": "UnknownError",
  "data": {
    "message": "Unexpected server error. Check server logs for details.",
    "ref": "err_e035d618"
  }
}
===== ANALYST longcat 2026-09-10 07:03:07 UTC =====
[91m[1mError: [0m{
  "name": "UnknownError",
  "data": {
    "message": "Unexpected server error. Check server logs for details.",
    "ref": "err_7ef1fd90"
  }
}
===== ANALYST longcat 2026-09-10 12:02:50 UTC =====
[91m[1mError: [0m{
  "name": "UnknownError",
  "data": {
    "message": "Unexpected server error. Check server logs for details.",
    "ref": "err_3cfd8d3e"
  }
}
===== ANALYST longcat 2026-09-10 16:16:00 UTC =====
[91m[1mError: [0m{
  "name": "UnknownError",
  "data": {
    "message": "Unexpected server error. Check server logs for details.",
    "ref": "err_4fd35834"
  }
}
===== ANALYST longcat 2026-09-10 19:17:47 UTC =====
[91m[1mError: [0m{
  "name": "UnknownError",
  "data": {
    "message": "Unexpected server error. Check server logs for details.",
    "ref": "err_bd8ec0f0"
  }
}
===== ANALYST longcat 2026-09-10 21:47:12 UTC =====
[91m[1mError: [0m{
  "name": "UnknownError",
  "data": {
    "message": "Unexpected server error. Check server logs for details.",
    "ref": "err_cd3ad38d"
  }
}
===== ANALYST longcat 2026-09-10 23:57:14 UTC =====
[91m[1mError: [0m{
  "name": "UnknownError",
  "data": {
    "message": "Unexpected server error. Check server logs for details.",
    "ref": "err_2d9595ad"
  }
}
===== ANALYST longcat 2026-09-11 04:23:34 UTC =====
[91m[1mError: [0m{
  "name": "UnknownError",
  "data": {
    "message": "Unexpected server error. Check server logs for details.",
    "ref": "err_c3bf9838"
  }
}
===== ANALYST longcat 2026-09-11 09:21:05 UTC =====
[91m[1mError: [0m{
  "name": "UnknownError",
  "data": {
    "message": "Unexpected server error. Check server logs for details.",
    "ref": "err_c61c8867"
  }
}
===== ANALYST longcat 2026-09-11 13:46:17 UTC =====
[91m[1mError: [0m{
  "name": "UnknownError",
  "data": {
    "message": "Unexpected server error. Check server logs for details.",
    "ref": "err_8b8c70ed"
  }
}
===== ANALYST longcat 2026-09-11 17:23:00 UTC =====
[91m[1mError: [0m{
  "name": "UnknownError",
  "data": {
    "message": "Unexpected server error. Check server logs for details.",
    "ref": "err_4ec32fd6"
  }
}
===== ANALYST longcat 2026-09-11 19:53:37 UTC =====
[91m[1mError: [0m{
  "name": "UnknownError",
  "data": {
    "message": "Unexpected server error. Check server logs for details.",
    "ref": "err_d264924b"
  }
}
===== ANALYST longcat 2026-09-11 22:25:47 UTC =====
[91m[1mError: [0m{
  "name": "UnknownError",
  "data": {
    "message": "Unexpected server error. Check server logs for details.",
    "ref": "err_c452f8b1"
  }
}
===== ANALYST longcat 2026-09-12 00:40:45 UTC =====
[91m[1mError: [0m{
  "name": "UnknownError",
  "data": {
    "message": "Unexpected server error. Check server logs for details.",
    "ref": "err_1fc48d49"
  }
}
===== ANALYST longcat 2026-09-12 05:07:27 UTC =====
[91m[1mError: [0m{
  "name": "UnknownError",
  "data": {
    "message": "Unexpected server error. Check server logs for details.",
    "ref": "err_d067d95b"
  }
}
===== ANALYST longcat 2026-09-12 09:29:33 UTC =====
[91m[1mError: [0m{
  "name": "UnknownError",
  "data": {
    "message": "Unexpected server error. Check server logs for details.",
    "ref": "err_c1c7b865"
  }
}
===== ANALYST longcat 2026-09-12 13:13:04 UTC =====
[91m[1mError: [0m{
  "name": "UnknownError",
  "data": {
    "message": "Unexpected server error. Check server logs for details.",
    "ref": "err_0b5967bb"
  }
}
===== ANALYST longcat 2026-09-12 16:27:35 UTC =====
[91m[1mError: [0m{
  "name": "UnknownError",
  "data": {
    "message": "Unexpected server error. Check server logs for details.",
    "ref": "err_0e85ee68"
  }
}
===== ANALYST longcat 2026-09-12 18:52:44 UTC =====
[91m[1mError: [0m{
  "name": "UnknownError",
  "data": {
    "message": "Unexpected server error. Check server logs for details.",
    "ref": "err_29f71f9d"
  }
}
===== ANALYST longcat 2026-09-12 21:23:15 UTC =====
[91m[1mError: [0m{
  "name": "UnknownError",
  "data": {
    "message": "Unexpected server error. Check server logs for details.",
    "ref": "err_48e9f85f"
  }
}
===== ANALYST longcat 2026-09-12 23:23:25 UTC =====
[91m[1mError: [0m{
  "name": "UnknownError",
  "data": {
    "message": "Unexpected server error. Check server logs for details.",
    "ref": "err_37ee35c3"
  }
}
===== ANALYST longcat 2026-09-13 01:30:08 UTC =====
[91m[1mError: [0m{
  "name": "UnknownError",
  "data": {
    "message": "Unexpected server error. Check server logs for details.",
    "ref": "err_fb1876f1"
  }
}
===== ANALYST longcat 2026-09-13 06:54:45 UTC =====
[91m[1mError: [0m{
  "name": "UnknownError",
  "data": {
    "message": "Unexpected server error. Check server logs for details.",
    "ref": "err_0eb23707"
  }
}
===== ANALYST longcat 2026-09-13 12:59:51 UTC =====
[91m[1mError: [0m{
  "name": "UnknownError",
  "data": {
    "message": "Unexpected server error. Check server logs for details.",
    "ref": "err_84c7b1a4"
  }
}
===== ANALYST longcat 2026-09-13 16:45:42 UTC =====
[91m[1mError: [0m{
  "name": "UnknownError",
  "data": {
    "message": "Unexpected server error. Check server logs for details.",
    "ref": "err_bd6fb606"
  }
}
===== ANALYST longcat 2026-09-13 19:17:08 UTC =====
[91m[1mError: [0m{
  "name": "UnknownError",
  "data": {
    "message": "Unexpected server error. Check server logs for details.",
    "ref": "err_22c5188f"
  }
}
===== ANALYST longcat 2026-09-13 21:28:47 UTC =====
[91m[1mError: [0m{
  "name": "UnknownError",
  "data": {
    "message": "Unexpected server error. Check server logs for details.",
    "ref": "err_86e8695f"
  }
}
===== ANALYST longcat 2026-09-13 23:37:51 UTC =====
[91m[1mError: [0m{
  "name": "UnknownError",
  "data": {
    "message": "Unexpected server error. Check server logs for details.",
    "ref": "err_c0afabd7"
  }
}
===== ANALYST longcat 2026-09-14 01:43:23 UTC =====
[91m[1mError: [0m{
  "name": "UnknownError",
  "data": {
    "message": "Unexpected server error. Check server logs for details.",
    "ref": "err_e229c9e0"
  }
}
===== ANALYST longcat 2026-09-14 07:18:54 UTC =====
[91m[1mError: [0m{
  "name": "UnknownError",
  "data": {
    "message": "Unexpected server error. Check server logs for details.",
    "ref": "err_7c8fc1cd"
  }
}
===== ANALYST longcat 2026-09-14 14:27:22 UTC =====
[91m[1mError: [0m{
  "name": "UnknownError",
  "data": {
    "message": "Unexpected server error. Check server logs for details.",
    "ref": "err_3996196b"
  }
}
===== ANALYST longcat 2026-09-14 19:33:02 UTC =====
[91m[1mError: [0m{
  "name": "UnknownError",
  "data": {
    "message": "Unexpected server error. Check server logs for details.",
    "ref": "err_718a44d2"
  }
}
===== ANALYST longcat 2026-09-14 22:48:45 UTC =====
[91m[1mError: [0m{
  "name": "UnknownError",
  "data": {
    "message": "Unexpected server error. Check server logs for details.",
    "ref": "err_a95ca10d"
  }
}
===== ANALYST longcat 2026-09-15 01:22:44 UTC =====
[91m[1mError: [0m{
  "name": "UnknownError",
  "data": {
    "message": "Unexpected server error. Check server logs for details.",
    "ref": "err_fdd7cbc8"
  }
}
===== ANALYST longcat 2026-09-15 06:23:08 UTC =====
[91m[1mError: [0m{
  "name": "UnknownError",
  "data": {
    "message": "Unexpected server error. Check server logs for details.",
    "ref": "err_85f863b9"
  }
}
===== ANALYST longcat 2026-09-15 11:59:12 UTC =====
[91m[1mError: [0m{
  "name": "UnknownError",
  "data": {
    "message": "Unexpected server error. Check server logs for details.",
    "ref": "err_46621cae"
  }
}
===== ANALYST longcat 2026-09-15 16:50:31 UTC =====
[91m[1mError: [0m{
  "name": "UnknownError",
  "data": {
    "message": "Unexpected server error. Check server logs for details.",
    "ref": "err_7e7b74f6"
  }
}
===== ANALYST longcat 2026-09-15 20:14:45 UTC =====
[91m[1mError: [0m{
  "name": "UnknownError",
  "data": {
    "message": "Unexpected server error. Check server logs for details.",
    "ref": "err_fb0e9454"
  }
}
===== ANALYST longcat 2026-09-15 23:02:18 UTC =====
[91m[1mError: [0m{
  "name": "UnknownError",
  "data": {
    "message": "Unexpected server error. Check server logs for details.",
    "ref": "err_6dbe39c9"
  }
}
===== ANALYST longcat 2026-09-16 01:21:30 UTC =====
[91m[1mError: [0m{
  "name": "UnknownError",
  "data": {
    "message": "Unexpected server error. Check server logs for details.",
    "ref": "err_1e35fd59"
  }
}
===== ANALYST longcat 2026-09-16 06:21:22 UTC =====
[91m[1mError: [0m{
  "name": "UnknownError",
  "data": {
    "message": "Unexpected server error. Check server logs for details.",
    "ref": "err_761cbb13"
  }
}
===== ANALYST longcat 2026-09-16 11:54:13 UTC =====
[91m[1mError: [0m{
  "name": "UnknownError",
  "data": {
    "message": "Unexpected server error. Check server logs for details.",
    "ref": "err_8abd309b"
  }
}
===== ANALYST longcat 2026-09-16 16:45:14 UTC =====
[91m[1mError: [0m{
  "name": "UnknownError",
  "data": {
    "message": "Unexpected server error. Check server logs for details.",
    "ref": "err_ef38ce99"
  }
}
===== ANALYST longcat 2026-09-16 20:02:34 UTC =====
[91m[1mError: [0m{
  "name": "UnknownError",
  "data": {
    "message": "Unexpected server error. Check server logs for details.",
    "ref": "err_c5bcd6ce"
  }
}
===== ANALYST longcat 2026-09-16 22:50:39 UTC =====
[91m[1mError: [0m{
  "name": "UnknownError",
  "data": {
    "message": "Unexpected server error. Check server logs for details.",
    "ref": "err_d742b8e1"
  }
}
===== ANALYST longcat 2026-09-17 01:16:27 UTC =====
[91m[1mError: [0m{
  "name": "UnknownError",
  "data": {
    "message": "Unexpected server error. Check server logs for details.",
    "ref": "err_0b77e449"
  }
}
===== ANALYST longcat 2026-09-17 06:17:24 UTC =====
[91m[1mError: [0m{
  "name": "UnknownError",
  "data": {
    "message": "Unexpected server error. Check server logs for details.",
    "ref": "err_1ddc4c83"
  }
}
===== ANALYST longcat 2026-09-17 12:02:37 UTC =====
[91m[1mError: [0m{
  "name": "UnknownError",
  "data": {
    "message": "Unexpected server error. Check server logs for details.",
    "ref": "err_c27cc7bd"
  }
}
===== ANALYST longcat 2026-09-17 16:46:34 UTC =====
[91m[1mError: [0m{
  "name": "UnknownError",
  "data": {
    "message": "Unexpected server error. Check server logs for details.",
    "ref": "err_48a1e84b"
  }
}
===== ANALYST longcat 2026-09-17 20:09:31 UTC =====
[91m[1mError: [0m{
  "name": "UnknownError",
  "data": {
    "message": "Unexpected server error. Check server logs for details.",
    "ref": "err_95867da2"
  }
}
===== ANALYST longcat 2026-09-17 22:57:37 UTC =====
[91m[1mError: [0m{
  "name": "UnknownError",
  "data": {
    "message": "Unexpected server error. Check server logs for details.",
    "ref": "err_9e5a097d"
  }
}
===== ANALYST longcat 2026-09-18 01:11:40 UTC =====
[91m[1mError: [0m{
  "name": "UnknownError",
  "data": {
    "message": "Unexpected server error. Check server logs for details.",
    "ref": "err_d82220c0"
  }
}
===== ANALYST longcat 2026-09-18 06:05:06 UTC =====
[91m[1mError: [0m{
  "name": "UnknownError",
  "data": {
    "message": "Unexpected server error. Check server logs for details.",
    "ref": "err_d2b77d62"
  }
}
===== ANALYST longcat 2026-09-18 11:35:04 UTC =====
[91m[1mError: [0m{
  "name": "UnknownError",
  "data": {
    "message": "Unexpected server error. Check server logs for details.",
    "ref": "err_8849caa9"
  }
}
===== ANALYST longcat 2026-09-18 15:13:39 UTC =====
[91m[1mError: [0m{
  "name": "UnknownError",
  "data": {
    "message": "Unexpected server error. Check server logs for details.",
    "ref": "err_6b16a145"
  }
}
===== ANALYST longcat 2026-09-18 18:44:35 UTC =====
[91m[1mError: [0m{
  "name": "UnknownError",
  "data": {
    "message": "Unexpected server error. Check server logs for details.",
    "ref": "err_2592e7b7"
  }
}
===== ANALYST longcat 2026-09-18 21:19:29 UTC =====
[91m[1mError: [0m{
  "name": "UnknownError",
  "data": {
    "message": "Unexpected server error. Check server logs for details.",
    "ref": "err_5b2b596c"
  }
}
===== ANALYST longcat 2026-09-18 23:25:53 UTC =====
[91m[1mError: [0m{
  "name": "UnknownError",
  "data": {
    "message": "Unexpected server error. Check server logs for details.",
    "ref": "err_18cc562b"
  }
}
===== ANALYST longcat 2026-09-19 01:40:36 UTC =====
[91m[1mError: [0m{
  "name": "UnknownError",
  "data": {
    "message": "Unexpected server error. Check server logs for details.",
    "ref": "err_488cdf7b"
  }
}
===== ANALYST longcat 2026-09-19 06:40:02 UTC =====
[91m[1mError: [0m{
  "name": "UnknownError",
  "data": {
    "message": "Unexpected server error. Check server logs for details.",
    "ref": "err_263dd3f3"
  }
}
===== ANALYST longcat 2026-09-19 11:39:54 UTC =====
[91m[1mError: [0m{
  "name": "UnknownError",
  "data": {
    "message": "Unexpected server error. Check server logs for details.",
    "ref": "err_d30c2eac"
  }
}
===== ANALYST longcat 2026-09-19 14:53:51 UTC =====
[91m[1mError: [0m{
  "name": "UnknownError",
  "data": {
    "message": "Unexpected server error. Check server logs for details.",
    "ref": "err_f241bb39"
  }
}
===== ANALYST longcat 2026-09-19 17:57:16 UTC =====
[91m[1mError: [0m{
  "name": "UnknownError",
  "data": {
    "message": "Unexpected server error. Check server logs for details.",
    "ref": "err_3aa37825"
  }
}
